-27.12   -32.41  1278319080
-48.55   -62.98  1278319320
-47.00   -44.04  1278319440
-45.60   -41.25  1278319440
-53.67   51.45   1278320280
-65.68   45.03   1278320280
-66.05   66.42   1278320400
-48.39   106.64  1278320760
-21.97   126.96  1278321060
-19.76   88.00   1278321060
21.61    100.32  1278321780
24.07    130.14  1278321960
21.74    118.84  1278321960
50.43    123.26  1278322440
55.92    141.28  1278322620
68.52    123.52  1278322680
59.42    -95.17  1278323520
46.70   -103.93  1278323700
34.76    -73.22  1278323880
20.10    -99.02  1278324120
 5.56    -96.82  1278324360
 2.32    -95.31  1278324420
-28.16   -95.05  1278324840
-18.84   -59.35  1278324900
-21.63   -81.33  1278324900
-33.15   -71.34  1278325140
-50.77   -14.95  1278325740
-55.05   -4.67   1278325920
-87.39   69.29   1278325980
-72.81   44.59   1278326220
-45.05   68.98   1278326760
-30.56   91.64   1278326880
-28.23   60.31   1278326880
-5.77    71.13   1278327300
28.33    71.47   1278327780
20.64    86.31   1278327840
24.77    106.96  1278327960
36.16    103.42  1278328200
61.53    179.94  1278329040
62.73   -142.34  1278329340
42.55   -141.94  1278329520
47.71   -114.74  1278329640
29.19    -91.76  1278329820
-11.58  -118.28  1278330540
-13.75   -79.98  1278330660
-22.38   -95.68  1278330900
-34.95   -93.11  1278331140
-49.83  -116.97  1278331140
-50.55   -92.90  1278331380
-56.27   -9.65   1278332040
-64.94   24.39   1278332340
-13.55   33.92   1278332940
-22.86   44.27   1278333000
-12.06   78.76   1278333120
 9.11    81.14   1278333540
21.72    53.49   1278333780
33.81    71.45   1278334080
47.20    120.77  1278334440
86.10    102.03  1278334800
55.11    148.77  1278334860
86.13   -127.10  1278334860
45.28   -152.55  1278335580
44.73   -127.76  1278335640
35.79   -123.22  1278335760
23.46   -156.82  1278335820
-10.73  -139.98  1278336540
-28.75  -148.57  1278336660
-25.15  -139.95  1278336780
-24.55  -109.63  1278336900
-71.02  -118.92  1278337560
-55.92   -48.62  1278337860
-79.96   46.86   1278337980
-73.85    2.87   1278338100
-64.63    7.51   1278338280
-48.23   48.80   1278338460
-40.70   16.55   1278338700
-8.97    19.04   1278339120
24.32    54.62   1278339840
40.55    28.91   1278339960
57.92    129.78  1278340920
66.72    152.29  1278341100
48.69   -157.37  1278341520
24.90    177.39  1278341700
12.26   -138.64  1278342000
-12.50  -168.78  1278342480
-21.08  -151.63  1278342720
-22.90  -139.20  1278342780
-55.08  -145.23  1278343320
-53.32  -130.58  1278343380
-74.79  -142.93  1278343620
-53.80   -14.40  1278344400
-56.55    2.60   1278344400
-31.41   20.35   1278344760
-28.16   -7.31   1278344820
-12.91   -4.81   1278345000
29.28    -3.35   1278345660
22.73    32.25   1278345780
25.98    31.83   1278345840
31.50    19.79   1278345900
54.87    83.38   1278346620
56.20    89.34   1278346680
79.59   -177.71  1278346860
76.87    123.12  1278346920
46.96    164.47  1278347520
31.52    154.09  1278347640
27.56   -169.87  1278347760
12.56    159.59  1278347940
-17.46   176.71  1278348600
-28.26  -160.65  1278348840
-39.77  -163.66  1278349080
-73.96  -166.81  1278349500
-62.30   -81.81  1278349980
-61.72   -44.35  1278350220
-47.36   -54.82  1278350280
-48.89   -19.20  1278350460
-17.09    2.32   1278350880
-8.51     4.82   1278351000
 2.24    -26.55  1278351240
29.80    13.86   1278351780
29.16    -5.68   1278351780
55.05    -0.71   1278352200
58.05    74.61   1278352740
63.32    126.32  1278353160
46.81    166.17  1278353280
16.54    126.34  1278353700
28.59    135.92  1278353700
 3.69    173.05  1278354120
-13.53   175.37  1278354480
-23.58   143.21  1278354540
-20.62   158.04  1278354600
-27.60   159.00  1278354720